[33m[1m⚠[22m[39m Warning: Next.js inferred your workspace root, but it may not be correct.
 We detected multiple lockfiles and selected the directory of /Users/johncronin/package-lock.json as the root directory.
 To silence this warning, set `turbopack.root` in your Next.js config, or consider removing one of the lockfiles if it's not needed.
   See https://nextjs.org/docs/app/api-reference/config/next-config-js/turbopack#root-directory for more information.
 Detected additional lockfiles: 
   * /Users/johncronin/Desktop/RoostHub/package-lock.json

[33m[1m⚠[22m[39m The "middleware" file convention is deprecated. Please use "proxy" instead. Learn more: https://nextjs.org/docs/messages/middleware-to-proxy
[31mFailed to compile.
[39m
[31m[1mType error[22m[39m: Cannot find type definition file for 'estree 2'.
  The file is in the program because:
    Entry point for implicit type library 'estree 2'

Next.js build worker exited with code: 1 and signal: null
[?25h